// Jest Snapshot v1, https://goo.gl/fbAQLP

exports[`<GameFullInfo> Should render component 1`] = `
<DocumentFragment>
  <div>
    <div
      class="GameFull__Wrapper-sc-1n74d34-0 bbMpne"
      data-testid="wrapper"
      style="background-image: url(http://https://images.unsplash.com/photo-1500309447817-512216363500?ixlib=rb-1.2.1&ixid=eyJhcHBfaWQiOjEyMDd9&auto=format&fit=crop&w=1050&q=80);"
    >
      <div
        class="GameFull__Title-sc-1n74d34-1 kIFHkZ"
      >
        name
      </div>
      <div
        class="GameFull__Description-sc-1n74d34-2 hNuYfb"
      >
        full description
      </div>
      <div
        class="GameFull__Platform-sc-1n74d34-3 goeORr"
      >
        Aviable in PS4
      </div>
      <div
        class="GameFull__PriceButton-sc-1n74d34-5 fxsdUg"
      >
        <div
          class="GameFull__Price-sc-1n74d34-4 kXDvBh"
        >
          100 UAH
        </div>
        <button
          class="Games__Button-sc-itkhej-1 kRtork"
        >
          ADD TO CART
        </button>
      </div>
      <div>
        <input
          class="PurchaseModal__FeedBack-sc-wj1lb3-0 dSzayQ"
          placeholder="Comment"
          type="text"
        />
        <button
          class="MuiButtonBase-root MuiButton-root MuiButton-text MuiButton-textPrimary MuiButton-sizeMedium MuiButton-textSizeMedium MuiButton-root MuiButton-text MuiButton-textPrimary MuiButton-sizeMedium MuiButton-textSizeMedium css-1e6y48t-MuiButtonBase-root-MuiButton-root"
          style="max-width: 100px;"
          tabindex="0"
          type="button"
        >
          Add
          <span
            class="MuiTouchRipple-root css-8je8zh-MuiTouchRipple-root"
          />
        </button>
        <div />
      </div>
    </div>
  </div>
</DocumentFragment>
`;
